<html>
<body>
<pre>
<h1>µVision Build Log</h1>
<h2>Project:</h2>
C:\Users\Enrique\Documents\GitHub\445Lab\Lab8 2.0\I2C_4C123\I2C.uvproj
Project File Date:  11/05/2017

<h2>Output:</h2>
Rebuild target 'I2C'
assembling startup.s...
compiling I2CTestMain.c...
compiling I2C0.c...
I2C0.c(259): warning:  #177-D: variable "i" was declared but never referenced
        int i = 8 +8;
I2C0.c(267): warning:  #177-D: variable "i" was declared but never referenced
        int i = 8 +8;
I2C0.c(275): warning:  #177-D: variable "i" was declared but never referenced
        int i = 8 +8;
I2C0.c(283): warning:  #177-D: variable "i" was declared but never referenced
        int i = 8 +8;
I2C0.c(290): warning:  #177-D: variable "i" was declared but never referenced
        int i = 8 +8;
I2C0.c: 5 warnings, 0 errors
compiling PLL.c...
compiling UART.c...
compiling ButtonControl.c...
ButtonControl.c(72): warning:  #1-D: last line of file ends without a newline
  }
ButtonControl.c: 1 warning, 0 errors
compiling Sound.c...
Sound.c(37): warning:  #1-D: last line of file ends without a newline
  }
Sound.c: 1 warning, 0 errors
compiling Visual.c...
Visual.c(31): warning:  #1-D: last line of file ends without a newline
   }
Visual.c: 1 warning, 0 errors
compiling ST7735.c...
linking...
Program Size: Code=4136 RO-data=2052 RW-data=60 ZI-data=1124  
".\I2C.axf" - 0 Error(s), 8 Warning(s).
</pre>
</body>
</html>
