<html>
<body>
<pre>
<h1>µVision Build Log</h1>
<h2>Project:</h2>
C:\Users\Julliana Pulido\Documents\GitHub\445Lab\Lab 8\I2C_4C123\I2C.uvproj
Project File Date:  10/25/2017

<h2>Output:</h2>
Rebuild target 'I2C'
assembling startup.s...
compiling I2CTestMain.c...
compiling I2C0.c...
I2C0.c(284): warning:  #1-D: last line of file ends without a newline
  }
I2C0.c: 1 warning, 0 errors
compiling PLL.c...
compiling UART.c...
linking...
Program Size: Code=2416 RO-data=16 RW-data=0 ZI-data=1120  
".\I2C.axf" - 0 Error(s), 1 Warning(s).
</pre>
</body>
</html>
: 1 warning, 2 errors
compiling PLL.c...
compiling UART.c...
".\I2C.axf" - 2 Error(s), 1 Warning(s).
Target not created
