<html>
<body>
<pre>
<h1>µVision Build Log</h1>
<h2>Project:</h2>
C:\Users\Enrique\Documents\GitHub\445Lab\Lab 8\I2C_4C123\I2C.uvproj
Project File Date:  11/02/2017

<h2>Output:</h2>
Rebuild target 'I2C'
assembling startup.s...
compiling I2CTestMain.c...
compiling I2C0.c...
I2C0.c(259): warning:  #177-D: variable "i" was declared but never referenced
        int i = 8 +8;
I2C0.c(267): warning:  #177-D: variable "i" was declared but never referenced
        int i = 8 +8;
I2C0.c(275): warning:  #177-D: variable "i" was declared but never referenced
        int i = 8 +8;
I2C0.c(283): warning:  #177-D: variable "i" was declared but never referenced
        int i = 8 +8;
I2C0.c(290): warning:  #177-D: variable "i" was declared but never referenced
        int i = 8 +8;
I2C0.c(342): warning:  #1166-D: returning pointer to local variable
        return rawData;
I2C0.c: 6 warnings, 0 errors
compiling PLL.c...
compiling UART.c...
compiling ST7735.c...
compiling Sound.c...
Sound.c(37): warning:  #1-D: last line of file ends without a newline
  }
Sound.c: 1 warning, 0 errors
compiling ButtonControl.c...
ButtonControl.c(72): warning:  #1-D: last line of file ends without a newline
  }
ButtonControl.c: 1 warning, 0 errors
compiling Visual.c...
Visual.c(31): warning:  #1-D: last line of file ends without a newline
   }
Visual.c: 1 warning, 0 errors
linking...
Program Size: Code=3740 RO-data=32 RW-data=4 ZI-data=1124  
".\I2C.axf" - 0 Error(s), 9 Warning(s).
Load "C:\\Users\\Enrique\\Documents\\GitHub\\445Lab\\Lab 8\\I2C_4C123\\I2C.axf" 
Connecting: Mode=JTAG, Speed=1000000Hz
Erase Done.
Programming Done.
Verify OK.
