<html>
<body>
<pre>
<h1>µVision Build Log</h1>
<h2>Project:</h2>
C:\Users\Enrique\Desktop\445L LAbs\Lab 4\CC3100GetWeather_4C123\getWeather.uvproj
Project File Date:  09/26/2017

<h2>Output:</h2>
Build target 'getWeather'
compiling main.c...
compiling board.c...
compiling spi.c...
compiling uartstdio.c...
linking...
Program Size: Code=13916 RO-data=1824 RW-data=56 ZI-data=19512  
After Build - User command #1: fromelf --bin --output .\rvmdk\cc31000_starter.bin .\rvmdk\cc31000_starter.axf
".\rvmdk\getWeather.axf" - 0 Error(s), 0 Warning(s).
ry
  #include "inc/hw_memmap.h"
..\cc3100\platform\ek-tm4c123gxl\board.c: 0 warnings, 1 error
compiling Nokia5110.c...
compiling LED.c...
compiling device.c...
compiling driver.c...
compiling flowcont.c...
compiling fs.c...
compiling netapp.c...
compiling netcfg.c...
compiling nonos.c...
compiling socket.c...
compiling spawn.c...
compiling spi.c...
..\cc3100\platform\ek-tm4c123gxl\spi.c(41): error:  #5: cannot open source input file "inc/hw_memmap.h": No such file or directory
  #include "inc/hw_memmap.h"
..\cc3100\platform\ek-tm4c123gxl\spi.c: 0 warnings, 1 error
assembling startup_rvmdk.S...
compiling uart.c...
compiling wlan.c...
compiling uartstdio.c...
..\utils\uartstdio.c(28): error:  #5: cannot open source input file "inc/hw_ints.h": No such file or directory
  #include "inc/hw_ints.h"
..\utils\uartstdio.c: 0 warnings, 1 error
compiling ustdlib.c...
".\rvmdk\getWeather.axf" - 4 Error(s), 0 Warning(s).
Target not created
