<html>
<body>
<pre>
<h1>µVision Build Log</h1>
<h2>Project:</h2>
C:\Users\Julliana Pulido\Documents\GitHub\445Lab\Lab 4\CC3100GetWeather_4C123\getWeather.uvproj
Project File Date:  10/01/2017

<h2>Output:</h2>
Rebuild target 'getWeather'
compiling main.c...
adcSamplerTool.h(5): warning:  #1-D: last line of file ends without a newline
  char* getVoltString(void);
LogServerTimer.h(8): warning:  #1-D: last line of file ends without a newline
  void printData(int16_t min, int16_t max, int16_t avg, int32_t y);
main.c(225): warning:  #177-D: variable "secParams" was declared but never referenced
                int32_t retVal; SlSecParams_t secParams;
main.c(226): warning:  #177-D: variable "pConfig" was declared but never referenced
          char *pConfig = NULL; INT32 ASize = 0; SlSockAddrIn_t  Addr;
main.c: 4 warnings, 0 errors
compiling board.c...
compiling Nokia5110.c...
compiling LED.c...
compiling device.c...
compiling driver.c...
compiling flowcont.c...
compiling fs.c...
compiling netapp.c...
compiling netcfg.c...
compiling nonos.c...
compiling socket.c...
compiling spawn.c...
compiling spi.c...
compiling uart.c...
compiling wlan.c...
compiling uartstdio.c...
compiling ustdlib.c...
compiling ST7735.c...
compiling adcSamplerTool.c...
compiling ADCSWTrigger.c...
compiling PLL.c...
compiling fixed.c...
fixed.c(34): warning:  #2748-D: null argument provided for parameter marked with attribute "nonnull"
                        fputc(' ',0);                                                                                   //print "*.***" to LCD
fixed.c(35): warning:  #2748-D: null argument provided for parameter marked with attribute "nonnull"
                        fputc('*',0);
fixed.c(36): warning:  #2748-D: null argument provided for parameter marked with attribute "nonnull"
                        fputc('.',0);
fixed.c(38): warning:  #2748-D: null argument provided for parameter marked with attribute "nonnull"
                                fputc('*',0);
fixed.c(49): warning:  #2748-D: null argument provided for parameter marked with attribute "nonnull"
                fputc(' ',0);                                                                                           //print out numbers in numList array 
fixed.c(50): warning:  #2748-D: null argument provided for parameter marked with attribute "nonnull"
                fputc((m+48),0);                                                                                //to LCD
fixed.c(51): warning:  #2748-D: null argument provided for parameter marked with attribute "nonnull"
                fputc('.',0);
fixed.c(53): warning:  #2748-D: null argument provided for parameter marked with attribute "nonnull"
                        fputc(numList[k],0);
fixed.c(65): warning:  #2748-D: null argument provided for parameter marked with attribute "nonnull"
                fputc('-',0);                                                                                           //print out '-' and then print out
fixed.c(66): warning:  #2748-D: null argument provided for parameter marked with attribute "nonnull"
                fputc((m+48),0);                                                                                //numbers in numList array to LCD
fixed.c(67): warning:  #2748-D: null argument provided for parameter marked with attribute "nonnull"
                fputc('.',0);
fixed.c(69): warning:  #2748-D: null argument provided for parameter marked with attribute "nonnull"
                        fputc(numList[k],0);
fixed.c(78): warning:  #2748-D: null argument provided for parameter marked with attribute "nonnull"
                fputc(' ',0);                                                                                   //print "***.**" on LCD
fixed.c(79): warning:  #2748-D: null argument provided for parameter marked with attribute "nonnull"
      fputc('*',0);
fixed.c(80): warning:  #2748-D: null argument provided for parameter marked with attribute "nonnull"
                fputc('*',0);
fixed.c(81): warning:  #2748-D: null argument provided for parameter marked with attribute "nonnull"
                fputc('*',0);
fixed.c(82): warning:  #2748-D: null argument provided for parameter marked with attribute "nonnull"
                fputc('.',0);
fixed.c(84): warning:  #2748-D: null argument provided for parameter marked with attribute "nonnull"
                  fputc('*',0);
fixed.c(98): warning:  #2748-D: null argument provided for parameter marked with attribute "nonnull"
                fputc(' ',0);                                                                                                   //print 3 spaces 
fixed.c(99): warning:  #2748-D: null argument provided for parameter marked with attribute "nonnull"
                fputc(' ',0);
fixed.c(100): warning:  #2748-D: null argument provided for parameter marked with attribute "nonnull"
                fputc(' ',0);
fixed.c(101): warning:  #2748-D: null argument provided for parameter marked with attribute "nonnull"
                fputc(numList[0],0);                                                                    //print first number
fixed.c(102): warning:  #2748-D: null argument provided for parameter marked with attribute "nonnull"
                fputc('.',0);
fixed.c(105): warning:  #2748-D: null argument provided for parameter marked with attribute "nonnull"
                        fputc(numList[i],0);
fixed.c(126): warning:  #2748-D: null argument provided for parameter marked with attribute "nonnull"
                fputc(' ',0);                                                                                                   //print two spaces
fixed.c(127): warning:  #2748-D: null argument provided for parameter marked with attribute "nonnull"
                fputc(' ' ,0);
fixed.c(128): warning:  #2748-D: null argument provided for parameter marked with attribute "nonnull"
                fputc(numList[0],0);                                                                    //print first two numbers
fixed.c(129): warning:  #2748-D: null argument provided for parameter marked with attribute "nonnull"
                fputc(numList[1],0);
fixed.c(130): warning:  #2748-D: null argument provided for parameter marked with attribute "nonnull"
                fputc('.', 0);
fixed.c(132): warning:  #2748-D: null argument provided for parameter marked with attribute "nonnull"
                        fputc(numList[i],0);
fixed.c(160): warning:  #2748-D: null argument provided for parameter marked with attribute "nonnull"
                fputc(' ',0);                                                                                                   //print one space
fixed.c(161): warning:  #2748-D: null argument provided for parameter marked with attribute "nonnull"
                fputc(numList[0],0);                                                                    //print first three numbers in array
fixed.c(162): warning:  #2748-D: null argument provided for parameter marked with attribute "nonnull"
                fputc(numList[1],0);
fixed.c(163): warning:  #2748-D: null argument provided for parameter marked with attribute "nonnull"
                fputc(numList[2],0);
fixed.c(164): warning:  #2748-D: null argument provided for parameter marked with attribute "nonnull"
                fputc('.', 0);                                                                                          //print decimal point
fixed.c(167): warning:  #2748-D: null argument provided for parameter marked with attribute "nonnull"
                        fputc(numList[i],0);                                                            //print last two numbers
fixed.c(180): warning:  #2748-D: null argument provided for parameter marked with attribute "nonnull"
                fputc(title[i],0);
fixed.c(190): warning:  #223-D: function "abs" declared implicitly
        offset_X=abs(minX);                                                                                     //offsets to add to x and y data pts
fixed.c(204): warning:  #1-D: last line of file ends without a newline
  }
fixed.c: 39 warnings, 0 errors
assembling startup_rvmdk.S...
compiling LogServerTimer.c...
linking...
Program Size: Code=17068 RO-data=3996 RW-data=136 ZI-data=20072  
After Build - User command #1: fromelf --bin --output .\rvmdk\cc31000_starter.bin .\rvmdk\cc31000_starter.axf
".\rvmdk\getWeather.axf" - 0 Error(s), 43 Warning(s).
Load "C:\\Users\\Julliana Pulido\\Documents\\GitHub\\445Lab\\Lab 4\\CC3100GetWeather_4C123\\rvmdk\\getWeather.axf" 
Connecting: Mode=JTAG, Speed=1000000Hz
Erase Done.
Programming Done.
Verify OK.
</pre>
</body>
</html>
