<html>
<body>
<pre>
<h1>µVision Build Log</h1>
<h2>Project:</h2>
C:\Users\Enrique\Documents\GitHub\445Lab\ADCSWTrigger_4C123\Lab2.uvproj
Project File Date:  09/05/2017

<h2>Output:</h2>
Build target 'ADCSWTrigger'
linking...
Program Size: Code=4252 RO-data=2052 RW-data=96 ZI-data=25504  
".\ADCSWTrigger.axf" - 0 Error(s), 0 Warning(s).
Load "C:\\Users\\Enrique\\Documents\\GitHub\\445Lab\\ADCSWTrigger_4C123\\ADCSWTrigger.axf" 
Connecting: Mode=JTAG, Speed=1000000Hz
Erase Done.
Programming Done.
Verify OK.
fixed.c(17): warning:  #2748-D: null argument provided for parameter marked with attribute "nonnull"
                        fputc('.',0);
fixed.c(19): warning:  #2748-D: null argument provided for parameter marked with attribute "nonnull"
                                fputc('*',0);
fixed.c(31): warning:  #2748-D: null argument provided for parameter marked with attribute "nonnull"
                fputc(' ',0);
fixed.c(32): warning:  #2748-D: null argument provided for parameter marked with attribute "nonnull"
                fputc((m+48),0);
fixed.c(33): warning:  #2748-D: null argument provided for parameter marked with attribute "nonnull"
                fputc('.',0);
fixed.c(35): warning:  #2748-D: null argument provided for parameter marked with attribute "nonnull"
                        fputc(numList[k],0);
fixed.c(49): warning:  #2748-D: null argument provided for parameter marked with attribute "nonnull"
                fputc('-',0);
fixed.c(50): warning:  #2748-D: null argument provided for parameter marked with attribute "nonnull"
                fputc((m+48),0);
fixed.c(51): warning:  #2748-D: null argument provided for parameter marked with attribute "nonnull"
                fputc('.',0);
fixed.c(53): warning:  #2748-D: null argument provided for parameter marked with attribute "nonnull"
                        fputc(numList[k],0);
fixed.c(62): warning:  #2748-D: null argument provided for parameter marked with attribute "nonnull"
                fputc(' ',0);
fixed.c(63): warning:  #2748-D: null argument provided for parameter marked with attribute "nonnull"
                fputc('*',0);
fixed.c(64): warning:  #2748-D: null argument provided for parameter marked with attribute "nonnull"
                fputc('*',0);
fixed.c(65): warning:  #2748-D: null argument provided for parameter marked with attribute "nonnull"
                fputc('*',0);
fixed.c(66): warning:  #2748-D: null argument provided for parameter marked with attribute "nonnull"
                fputc('.',0);
fixed.c(68): warning:  #2748-D: null argument provided for parameter marked with attribute "nonnull"
                        fputc('*',0);
fixed.c(72): warning:  #2748-D: null argument provided for parameter marked with attribute "nonnull"
                fputc(' ',0);
fixed.c(73): warning:  #2748-D: null argument provided for parameter marked with attribute "nonnull"
                fputc('*',0);
fixed.c(74): warning:  #2748-D: null argument provided for parameter marked with attribute "nonnull"
                fputc('*',0);
fixed.c(75): warning:  #2748-D: null argument provided for parameter marked with attribute "nonnull"
                fputc('*',0);
fixed.c(76): warning:  #2748-D: null argument provided for parameter marked with attribute "nonnull"
                fputc('.',0);
fixed.c(78): warning:  #2748-D: null argument provided for parameter marked with attribute "nonnull"
                        fputc('*',0);
fixed.c(95): warning:  #2748-D: null argument provided for parameter marked with attribute "nonnull"
                fputc(' ',0);
fixed.c(96): warning:  #2748-D: null argument provided for parameter marked with attribute "nonnull"
                fputc(' ',0);
fixed.c(97): warning:  #2748-D: null argument provided for parameter marked with attribute "nonnull"
                fputc(' ',0);
fixed.c(98): warning:  #2748-D: null argument provided for parameter marked with attribute "nonnull"
                fputc(numList[0],0);
fixed.c(99): warning:  #2748-D: null argument provided for parameter marked with attribute "nonnull"
                fputc('.',0);
fixed.c(102): warning:  #2748-D: null argument provided for parameter marked with attribute "nonnull"
                        fputc(numList[i],0);
fixed.c(122): warning:  #2748-D: null argument provided for parameter marked with attribute "nonnull"
                fputc(' ',0);
fixed.c(123): warning:  #2748-D: null argument provided for parameter marked with attribute "nonnull"
                fputc(' ' ,0);
fixed.c(124): warning:  #2748-D: null argument provided for parameter marked with attribute "nonnull"
                fputc(numList[0],0);
fixed.c(125): warning:  #2748-D: null argument provided for parameter marked with attribute "nonnull"
                fputc(numList[1],0);
fixed.c(126): warning:  #2748-D: null argument provided for parameter marked with attribute "nonnull"
                fputc('.', 0);
fixed.c(128): warning:  #2748-D: null argument provided for parameter marked with attribute "nonnull"
                        fputc(numList[i],0);
fixed.c(156): warning:  #2748-D: null argument provided for parameter marked with attribute "nonnull"
                fputc(' ',0);
fixed.c(157): warning:  #2748-D: null argument provided for parameter marked with attribute "nonnull"
                fputc(numList[0],0);
fixed.c(158): warning:  #2748-D: null argument provided for parameter marked with attribute "nonnull"
                fputc(numList[1],0);
fixed.c(159): warning:  #2748-D: null argument provided for parameter marked with attribute "nonnull"
                fputc(numList[2],0);
fixed.c(160): warning:  #2748-D: null argument provided for parameter marked with attribute "nonnull"
                fputc('.', 0);
fixed.c(163): warning:  #2748-D: null argument provided for parameter marked with attribute "nonnull"
                        fputc(numList[i],0);
fixed.c(177): warning:  #2748-D: null argument provided for parameter marked with attribute "nonnull"
                fputc(title[i],0);
fixed.c(187): warning:  #223-D: function "abs" declared implicitly
        mxY=abs(minY);
fixed.c(219): warning:  #1-D: last line of file ends without a newline
  }
fixed.c: 45 warnings, 0 errors
linking...
.\ADCSWTrigger.axf: Error: L6218E: Undefined symbol ST7735_InitR (referred from adctestmain.o).
.\ADCSWTrigger.axf: Error: L6218E: Undefined symbol ST7735_PlotClear (referred from adctestmain.o).
.\ADCSWTrigger.axf: Error: L6218E: Undefined symbol ST7735_DrawPixel (referred from fixed.o).
.\ADCSWTrigger.axf: Error: L6218E: Undefined symbol ST7735_FillRect (referred from fixed.o).
.\ADCSWTrigger.axf: Error: L6218E: Undefined symbol ST7735_FillScreen (referred from fixed.o).
.\ADCSWTrigger.axf: Error: L6218E: Undefined symbol ST7735_SetCursor (referred from fixed.o).
Not enough information to list image symbols.
Finished: 1 information, 0 warning and 6 error messages.
".\ADCSWTrigger.axf" - 6 Error(s), 45 Warning(s).
Target not created
