<html>
<body>
<pre>
<h1>µVision Build Log</h1>
<h2>Project:</h2>
C:\Users\Julliana Pulido\Documents\GitHub\445Lab\Lab 5\PeriodicTimer0AInts_4C123\PeriodicTimer0AInts.uvproj
Project File Date:  10/09/2017

<h2>Output:</h2>
Rebuild target 'PeriodicTimer0AInts'
assembling startup.s...
compiling PeriodicTimer0AInts.c...
Switches.h(14): warning:  #1-D: last line of file ends without a newline
   void Rewind(void);
Music.h(28): warning:  #1-D: last line of file ends without a newline
  void reset_Index(void);
Timer1A.h(1): warning:  #1-D: last line of file ends without a newline
  void Timer1A_Init(void);
PeriodicTimer0AInts.c: 3 warnings, 0 errors
compiling Timer0A.c...
compiling PLL.c...
compiling DAC.c...
Music.h(28): warning:  #1-D: last line of file ends without a newline
  void reset_Index(void);
DAC.c(32): warning:  #1-D: last line of file ends without a newline
  }
DAC.c: 2 warnings, 0 errors
compiling Switches.c...
Music.h(28): warning:  #1-D: last line of file ends without a newline
  void reset_Index(void);
Switches.c(56): warning:  #1-D: last line of file ends without a newline
   }
Switches.c: 2 warnings, 0 errors
compiling Music.c...
Music.h(28): warning:  #1-D: last line of file ends without a newline
  void reset_Index(void);
Music.c: 1 warning, 0 errors
compiling Timer1A.c...
Music.h(28): warning:  #1-D: last line of file ends without a newline
  void reset_Index(void);
Timer1A.c(40): warning:  #1-D: last line of file ends without a newline
  }
Timer1A.c: 2 warnings, 0 errors
linking...
Program Size: Code=2180 RO-data=128 RW-data=564 ZI-data=1124  
".\PeriodicTimer0AInts.axf" - 0 Error(s), 10 Warning(s).
Load "C:\\Users\\Julliana Pulido\\Documents\\GitHub\\445Lab\\Lab 5\\PeriodicTimer0AInts_4C123\\PeriodicTimer0AInts.axf" 
Connecting: Mode=JTAG, Speed=1000000Hz
Erase Done.
Programming Done.
Verify OK.
ash Download failed  -  Target DLL has been cancelled
Load "C:\\Users\\Julliana Pulido\\Documents\\GitHub\\445Lab\\Lab 5\\PeriodicTimer0AInts_4C123\\PeriodicTimer0AInts.axf" 
Connecting: Mode=JTAG, Speed=1000000Hz
Erase Done.
Programming Done.
Verify OK.
ab\\Lab 5\\PeriodicTimer0AInts_4C123\\PeriodicTimer0AInts.axf" 
Connecting: Mode=JTAG, Speed=1000000Hz
Connection failed!, error code=&d
Error: Flash Download failed  -  Target DLL has been cancelled
Load "C:\\Users\\Julliana Pulido\\Documents\\GitHub\\445Lab\\Lab 5\\PeriodicTimer0AInts_4C123\\PeriodicTimer0AInts.axf" 
Connecting: Mode=JTAG, Speed=1000000Hz
Erase Done.
Programming Done.
Verify OK.
Load "C:\\Users\\Julliana Pulido\\Documents\\GitHub\\445Lab\\Lab 5\\PeriodicTimer0AInts_4C123\\PeriodicTimer0AInts.axf" 
Connecting: Mode=JTAG, Speed=1000000Hz
Erase Done.
Programming Done.
Verify OK.
