<html>
<body>
<pre>
<h1>µVision Build Log</h1>
<h2>Project:</h2>
C:\Users\Julliana Pulido\Documents\GitHub\445Lab\Lab3Starter-master\src\SysTick.uvproj
Project File Date:  09/25/2017

<h2>Output:</h2>
Rebuild target 'SysTick'
assembling startup.s...
compiling PLL.c...
compiling main.c...
AlarmClockVisual.h(43): warning:  #1-D: last line of file ends without a newline
  void alarmEnabled(uint32_t hour,uint32_t min);
AlarmClockAudio.h(19): warning:  #1-D: last line of file ends without a newline
  void soundAlarm(void);
FallingEdgeInterrupt.h(2): warning:  #1-D: last line of file ends without a newline
  void GPIOPortB_Handler(void);
Timer0A.h(2): warning:  #1-D: last line of file ends without a newline
  void Timer0A_Handler(void);
main.c: 4 warnings, 0 errors
compiling fixed.c...
fixed.c(24): warning:  #2748-D: null argument provided for parameter marked with attribute "nonnull"
                        fputc(' ',0);
fixed.c(25): warning:  #2748-D: null argument provided for parameter marked with attribute "nonnull"
                        fputc('*',0);
fixed.c(26): warning:  #2748-D: null argument provided for parameter marked with attribute "nonnull"
                        fputc('.',0);
fixed.c(28): warning:  #2748-D: null argument provided for parameter marked with attribute "nonnull"
                                fputc('*',0);
fixed.c(40): warning:  #2748-D: null argument provided for parameter marked with attribute "nonnull"
                fputc(' ',0);
fixed.c(41): warning:  #2748-D: null argument provided for parameter marked with attribute "nonnull"
                fputc((m+48),0);
fixed.c(42): warning:  #2748-D: null argument provided for parameter marked with attribute "nonnull"
                fputc('.',0);
fixed.c(44): warning:  #2748-D: null argument provided for parameter marked with attribute "nonnull"
                        fputc(numList[k],0);
fixed.c(58): warning:  #2748-D: null argument provided for parameter marked with attribute "nonnull"
                fputc('-',0);
fixed.c(59): warning:  #2748-D: null argument provided for parameter marked with attribute "nonnull"
                fputc((m+48),0);
fixed.c(60): warning:  #2748-D: null argument provided for parameter marked with attribute "nonnull"
                fputc('.',0);
fixed.c(62): warning:  #2748-D: null argument provided for parameter marked with attribute "nonnull"
                        fputc(numList[k],0);
fixed.c(71): warning:  #2748-D: null argument provided for parameter marked with attribute "nonnull"
                fputc(' ',0);
fixed.c(72): warning:  #2748-D: null argument provided for parameter marked with attribute "nonnull"
                fputc('*',0);
fixed.c(73): warning:  #2748-D: null argument provided for parameter marked with attribute "nonnull"
                fputc('*',0);
fixed.c(74): warning:  #2748-D: null argument provided for parameter marked with attribute "nonnull"
                fputc('*',0);
fixed.c(75): warning:  #2748-D: null argument provided for parameter marked with attribute "nonnull"
                fputc('.',0);
fixed.c(77): warning:  #2748-D: null argument provided for parameter marked with attribute "nonnull"
                        fputc('*',0);
fixed.c(81): warning:  #2748-D: null argument provided for parameter marked with attribute "nonnull"
                fputc(' ',0);
fixed.c(82): warning:  #2748-D: null argument provided for parameter marked with attribute "nonnull"
                fputc('*',0);
fixed.c(83): warning:  #2748-D: null argument provided for parameter marked with attribute "nonnull"
                fputc('*',0);
fixed.c(84): warning:  #2748-D: null argument provided for parameter marked with attribute "nonnull"
                fputc('*',0);
fixed.c(85): warning:  #2748-D: null argument provided for parameter marked with attribute "nonnull"
                fputc('.',0);
fixed.c(87): warning:  #2748-D: null argument provided for parameter marked with attribute "nonnull"
                        fputc('*',0);
fixed.c(104): warning:  #2748-D: null argument provided for parameter marked with attribute "nonnull"
                fputc(' ',0);
fixed.c(105): warning:  #2748-D: null argument provided for parameter marked with attribute "nonnull"
                fputc(' ',0);
fixed.c(106): warning:  #2748-D: null argument provided for parameter marked with attribute "nonnull"
                fputc(' ',0);
fixed.c(107): warning:  #2748-D: null argument provided for parameter marked with attribute "nonnull"
                fputc(numList[0],0);
fixed.c(108): warning:  #2748-D: null argument provided for parameter marked with attribute "nonnull"
                fputc('.',0);
fixed.c(111): warning:  #2748-D: null argument provided for parameter marked with attribute "nonnull"
                        fputc(numList[i],0);
fixed.c(131): warning:  #2748-D: null argument provided for parameter marked with attribute "nonnull"
                fputc(' ',0);
fixed.c(132): warning:  #2748-D: null argument provided for parameter marked with attribute "nonnull"
                fputc(' ' ,0);
fixed.c(133): warning:  #2748-D: null argument provided for parameter marked with attribute "nonnull"
                fputc(numList[0],0);
fixed.c(134): warning:  #2748-D: null argument provided for parameter marked with attribute "nonnull"
                fputc(numList[1],0);
fixed.c(135): warning:  #2748-D: null argument provided for parameter marked with attribute "nonnull"
                fputc('.', 0);
fixed.c(137): warning:  #2748-D: null argument provided for parameter marked with attribute "nonnull"
                        fputc(numList[i],0);
fixed.c(165): warning:  #2748-D: null argument provided for parameter marked with attribute "nonnull"
                fputc(' ',0);
fixed.c(166): warning:  #2748-D: null argument provided for parameter marked with attribute "nonnull"
                fputc(numList[0],0);
fixed.c(167): warning:  #2748-D: null argument provided for parameter marked with attribute "nonnull"
                fputc(numList[1],0);
fixed.c(168): warning:  #2748-D: null argument provided for parameter marked with attribute "nonnull"
                fputc(numList[2],0);
fixed.c(169): warning:  #2748-D: null argument provided for parameter marked with attribute "nonnull"
                fputc('.', 0);
fixed.c(172): warning:  #2748-D: null argument provided for parameter marked with attribute "nonnull"
                        fputc(numList[i],0);
fixed.c(186): warning:  #2748-D: null argument provided for parameter marked with attribute "nonnull"
                fputc(title[i],0);
fixed.c(196): warning:  #223-D: function "abs" declared implicitly
        max_Y=abs(minY);
fixed.c(206): warning:  #177-D: variable "flag" was declared but never referenced
        uint16_t flag;
fixed.c: 45 warnings, 0 errors
compiling ST7735.c...
compiling AlarmClockVisual.c...
compiling AlarmClockAudio.c...
compiling AlarmClockSwitchControl.c...
AlarmClockVisual.h(43): warning:  #1-D: last line of file ends without a newline
  void alarmEnabled(uint32_t hour,uint32_t min);
AlarmClockAudio.h(19): warning:  #1-D: last line of file ends without a newline
  void soundAlarm(void);
AlarmClockSwitchControl.c: 2 warnings, 0 errors
compiling SysTick.c...
compiling SysTickTestMain.c...
compiling ClockImages.c...
compiling FallingEdgeInterrupt.c...
compiling Timer0A.c...
Timer0A.c(22): warning:  #1-D: last line of file ends without a newline
  }
Timer0A.c: 1 warning, 0 errors
linking...
Program Size: Code=6952 RO-data=22052 RW-data=108 ZI-data=1124  
".\SysTick.axf" - 0 Error(s), 52 Warning(s).
Load "C:\\Users\\Julliana Pulido\\Documents\\GitHub\\445Lab\\Lab3Starter-master\\src\\SysTick.axf" 
Connecting: Mode=JTAG, Speed=1000000Hz
Erase Done.
Programming Done.
Verify OK.
