<html>
<body>
<pre>
<h1>µVision Build Log</h1>
<h2>Project:</h2>
C:\Users\Julliana Pulido\Documents\GitHub\445Lab\ST7735_4C123\ST7735.uvproj
Project File Date:  09/08/2017

<h2>Output:</h2>
Rebuild target 'ST7735'
assembling startup.s...
compiling PLL.c...
compiling ST7735.c...
compiling Lab1.c...
compiling fixed.c...
fixed.c(34): warning:  #2748-D: null argument provided for parameter marked with attribute "nonnull"
                        fputc(' ',0);                                                                                   //print "*.***" to LCD
fixed.c(35): warning:  #2748-D: null argument provided for parameter marked with attribute "nonnull"
                        fputc('*',0);
fixed.c(36): warning:  #2748-D: null argument provided for parameter marked with attribute "nonnull"
                        fputc('.',0);
fixed.c(38): warning:  #2748-D: null argument provided for parameter marked with attribute "nonnull"
                                fputc('*',0);
fixed.c(49): warning:  #2748-D: null argument provided for parameter marked with attribute "nonnull"
                fputc(' ',0);                                                                                           //print out numbers in numList array 
fixed.c(50): warning:  #2748-D: null argument provided for parameter marked with attribute "nonnull"
                fputc((m+48),0);                                                                                //to LCD
fixed.c(51): warning:  #2748-D: null argument provided for parameter marked with attribute "nonnull"
                fputc('.',0);
fixed.c(53): warning:  #2748-D: null argument provided for parameter marked with attribute "nonnull"
                        fputc(numList[k],0);
fixed.c(65): warning:  #2748-D: null argument provided for parameter marked with attribute "nonnull"
                fputc('-',0);                                                                                           //print out '-' and then print out
fixed.c(66): warning:  #2748-D: null argument provided for parameter marked with attribute "nonnull"
                fputc((m+48),0);                                                                                //numbers in numList array to LCD
fixed.c(67): warning:  #2748-D: null argument provided for parameter marked with attribute "nonnull"
                fputc('.',0);
fixed.c(69): warning:  #2748-D: null argument provided for parameter marked with attribute "nonnull"
                        fputc(numList[k],0);
fixed.c(78): warning:  #2748-D: null argument provided for parameter marked with attribute "nonnull"
                fputc(' ',0);                                                                                   //print "***.**" on LCD
fixed.c(79): warning:  #2748-D: null argument provided for parameter marked with attribute "nonnull"
      fputc('*',0);
fixed.c(80): warning:  #2748-D: null argument provided for parameter marked with attribute "nonnull"
                fputc('*',0);
fixed.c(81): warning:  #2748-D: null argument provided for parameter marked with attribute "nonnull"
                fputc('*',0);
fixed.c(82): warning:  #2748-D: null argument provided for parameter marked with attribute "nonnull"
                fputc('.',0);
fixed.c(84): warning:  #2748-D: null argument provided for parameter marked with attribute "nonnull"
                  fputc('*',0);
fixed.c(117): warning:  #2748-D: null argument provided for parameter marked with attribute "nonnull"
                fputc(' ',0);                                                                                                   //print 3 spaces 
fixed.c(118): warning:  #2748-D: null argument provided for parameter marked with attribute "nonnull"
                fputc(' ',0);
fixed.c(119): warning:  #2748-D: null argument provided for parameter marked with attribute "nonnull"
                fputc(' ',0);
fixed.c(120): warning:  #2748-D: null argument provided for parameter marked with attribute "nonnull"
                fputc(numList[0],0);                                                                    //print first number
fixed.c(121): warning:  #2748-D: null argument provided for parameter marked with attribute "nonnull"
                fputc('.',0);
fixed.c(124): warning:  #2748-D: null argument provided for parameter marked with attribute "nonnull"
                        fputc(numList[i],0);
fixed.c(145): warning:  #2748-D: null argument provided for parameter marked with attribute "nonnull"
                fputc(' ',0);                                                                                                   //print two spaces
fixed.c(146): warning:  #2748-D: null argument provided for parameter marked with attribute "nonnull"
                fputc(' ' ,0);
fixed.c(147): warning:  #2748-D: null argument provided for parameter marked with attribute "nonnull"
                fputc(numList[0],0);                                                                    //print first two numbers
fixed.c(148): warning:  #2748-D: null argument provided for parameter marked with attribute "nonnull"
                fputc(numList[1],0);
fixed.c(149): warning:  #2748-D: null argument provided for parameter marked with attribute "nonnull"
                fputc('.', 0);
fixed.c(151): warning:  #2748-D: null argument provided for parameter marked with attribute "nonnull"
                        fputc(numList[i],0);
fixed.c(179): warning:  #2748-D: null argument provided for parameter marked with attribute "nonnull"
                fputc(' ',0);                                                                                                   //print one space
fixed.c(180): warning:  #2748-D: null argument provided for parameter marked with attribute "nonnull"
                fputc(numList[0],0);                                                                    //print first three numbers in array
fixed.c(181): warning:  #2748-D: null argument provided for parameter marked with attribute "nonnull"
                fputc(numList[1],0);
fixed.c(182): warning:  #2748-D: null argument provided for parameter marked with attribute "nonnull"
                fputc(numList[2],0);
fixed.c(183): warning:  #2748-D: null argument provided for parameter marked with attribute "nonnull"
                fputc('.', 0);                                                                                          //print decimal point
fixed.c(186): warning:  #2748-D: null argument provided for parameter marked with attribute "nonnull"
                        fputc(numList[i],0);                                                            //print last two numbers
fixed.c(199): warning:  #2748-D: null argument provided for parameter marked with attribute "nonnull"
                fputc(title[i],0);
fixed.c(209): warning:  #223-D: function "abs" declared implicitly
        offset_X=abs(minX);                                                                                     //offsets to add to x and y data pts
fixed.c(223): warning:  #1-D: last line of file ends without a newline
  }
fixed.c: 39 warnings, 0 errors
linking...
Program Size: Code=4224 RO-data=4324 RW-data=64 ZI-data=1024  
".\ST7735.axf" - 0 Error(s), 39 Warning(s).
